0 OPCAR
1  OPCDR
2  OPCONS
3  OPLAMBDA
4  OPDEF
5  OPLENGTH
6  OPDEFMACRO
7  OPDEFSYN
8  OPQUOTE
9  OPPLUS
10 OPMULT
11  OPSUB
12  OPDIV
13  OPLIST
14  OPVECTOR
15  OPDICT
16  OPMKSTRING
17  OPMKVEC
18  OPMKDICT
19  OPEVAL
20 OPAPPLY
21  OPSTRING
22  OPCCONS
23  OPFIRST
24  OPREST
25  OPCSET
26 OPCUPDATE
27  OPCSLICE
28  OPNTH
29  OPKEYS
30  OPPARTIAL
31 OPSET
32  OPGENSYM
33  OPAPPEND
34  OPEQ
35  OPTYPE
36  OPCALLCC
37  OPLT
38  OPGT
39  OPLTE
40  OPGTE
41  OPIF
42  OPUNWIND
43 OPEXACT
44  OPINEXACT
45  OPCOMPLEX
46  OPREAL
47  OPINTEGER
48  OPRATIONAL
49  OPBEGIN
50  OPNUM
51  OPDEN
52  OPWITHEXCEPT
53 OPAND
54  OPOR
55  OPXOR
56  OPNEG
57  OPGCD
58  OPLCM
59  OPNUMEQ
60  OPMOD
61  OPQUOTIENT
62  OPREMAINDER
63  OPERROR
64 OPMKPOL
65  OPMKRECT
66  OPIMAG
67  OPREALP
68  OPARG
69  OPMAG
70  OPSQRT
71  OPABS
72  OPEXP
73  OPLN
74  OPCONJBANG
75  OPPOLREC
76  OPRECPOL
77 OPSIN
78 OPCOS
79 OPTAN
80 OPACOS
81  OPASIN
82 OPATAN
83  OPATAN2
84  OPCOSH
85  OPSINH
86  OPTANH
87  OPEXP2
88  OPEXPM1
89  OPSHR
90  OPSHL
91 OPLOG2
92  OPLOG10
93  OPCONJ
94  OPSTRAP
95  OPASSQ
96  OPCOERCE
97  OPMKTCONC
98  OPTCONC
99  OPTCONCL
100  OPT2P
101  OPTCONCSPLICE
102 OPDEFREC
103  OPSETREC
104  OPSETCURIN
105  OPSETCUROUT
106  OPSETCURERR
107  OPCURIN
108  OPCUROUT
109  OPCURERR
110  OPMEMQ
111 OPQQUOTE
112  OPUNQUOTE
113  OPUNQSPLICE
114  OPDICHAS
115  OPEMPTY
116  OPCEIL
117  OPFLOOR
118  OPTRUNCATE
119  OPROUND
120 OPIN2EX
121  OPCLONENV
122  OPDEFENV
123  OPSETENV
124  OPSTDENV
125  OPFROMENV
126  OPMETA
127 OPRESET
128  OPSHIFT
129  OPCURTICK
130 OPDEFAULTENV
131  OPNULLENV
132  __INTERNAL_RETURN
133  __PRE_APPLY
134  __POST_APPLY
135  __INT_CLOSURE
136  __PROC
137 __POST_POST_APPLY
